// Jest Snapshot v1, https://goo.gl/fbAQLP

exports[`pruebas en  <GirdGifItem/>> Debe mostrar el componente correctamente 1`] = `
<div
  className="card animate__animated animate__zoomInDown"
>
  <img
    alt="Titulo"
    src="https://localhost/algo.jpg"
  />
  <p>
    Titulo
  </p>
</div>
`;
